// Jest Snapshot v1, https://goo.gl/fbAQLP

exports[`Table should rename all entries 1`] = `"<div data-baseweb=\\"table\\" role=\\"grid\\" aria-colcount=\\"3\\" aria-rowcount=\\"3\\" class=\\"\\"><div role=\\"row\\" class=\\"\\"><div role=\\"columnheader\\" class=\\"\\">Name</div><div role=\\"columnheader\\" class=\\"\\">Color</div><div role=\\"columnheader\\" class=\\"\\">Price</div></div><div role=\\"rowgroup\\" class=\\"\\"><div role=\\"row\\" class=\\"\\"><div role=\\"gridcell\\" class=\\"\\">Apple iPhone 6s</div><div role=\\"gridcell\\" class=\\"\\">Dark Grey</div><div role=\\"gridcell\\" class=\\"\\">CHF&nbsp;769.00</div></div><div role=\\"row\\" class=\\"\\"><div role=\\"gridcell\\" class=\\"\\">Samsung Galaxy S8</div><div role=\\"gridcell\\" class=\\"\\">Black</div><div role=\\"gridcell\\" class=\\"\\">CHF&nbsp;569.00</div></div><div role=\\"row\\" class=\\"\\"><div role=\\"gridcell\\" class=\\"\\">Huawei P9</div><div role=\\"gridcell\\" class=\\"\\">Silver</div><div role=\\"gridcell\\" class=\\"\\">CHF&nbsp;272.00</div></div></div></div>"`;
